// Jest Snapshot v1, https://goo.gl/fbAQLP

exports[`Component did not change 1`] = `
<form
  className="userInputForm"
>
  <input
    aria-label="searchbox-input-field"
    data-testid="input-field"
    onChange={[Function]}
    placeholder="Search..."
    type="text"
    value="test"
  />
</form>
`;
